**********************
PowerShell transcript start
Start time: 20240813212014
Username: CORP\udeh.ndukwe
RunAs User: CORP\udeh.ndukwe
Configuration Name: 
Machine: UNDUKWE-LT (Microsoft Windows NT 10.0.22631.0)
Host Application: C:\Program Files\PowerShell\7\pwsh.dll -NoProfile -ExecutionPolicy Bypass -Command Import-Module 'c:\Users\udeh.ndukwe\.vscode\extensions\ms-vscode.powershell-2024.2.2\modules\PowerShellEditorServices\PowerShellEditorServices.psd1'; Start-EditorServices -HostName 'Visual Studio Code Host' -HostProfileId 'Microsoft.VSCode' -HostVersion '2024.2.2' -BundledModulesPath 'c:\Users\udeh.ndukwe\.vscode\extensions\ms-vscode.powershell-2024.2.2\modules' -EnableConsoleRepl -StartupBanner "PowerShell Extension v2024.2.2
Copyright (c) Microsoft Corporation.

https://aka.ms/vscode-powershell
Type 'help' to get help.
" -LogLevel 'Normal' -LogPath 'c:\Users\udeh.ndukwe\AppData\Roaming\Code\User\globalStorage\ms-vscode.powershell\logs\1723586232-6fdee47d-3800-4e97-bc29-47d87c05e8341723586231555' -SessionDetailsPath 'c:\Users\udeh.ndukwe\AppData\Roaming\Code\User\globalStorage\ms-vscode.powershell\sessions\PSES-VSCode-10564-749832.json' -FeatureFlags @() 
Process ID: 12228
PSVersion: 7.4.4
PSEdition: Core
GitCommitId: 7.4.4
OS: Microsoft Windows 10.0.22631
Platform: Win32NT
PSCompatibleVersions: 1.0, 2.0, 3.0, 4.0, 5.0, 5.1, 6.0, 7.0
PSRemotingProtocolVersion: 2.3
SerializationVersion: 1.1.0.1
WSManStackVersion: 3.0
**********************
Transcript started, output file is test.log
WARNING: Restart is suppressed because NoRestart is specified.

Path          : 
Online        : True
RestartNeeded : True

**********************
PowerShell transcript end
End time: 20240813212015
**********************
